
   WARN  Metadata found in doc-comment for method Tests\Feature\DirectorInstitucionTest::test_director_puede_tener_multiples_instituciones(). Metadata in doc-comments is deprecated and will no longer be supported in PHPUnit 12. Update your test code to use attributes instead.

   WARN  Metadata found in doc-comment for method Tests\Feature\DirectorInstitucionTest::test_sync_instituciones_actualiza_correctamente(). Metadata in doc-comments is deprecated and will no longer be supported in PHPUnit 12. Update your test code to use attributes instead.

   WARN  Metadata found in doc-comment for method Tests\Feature\DirectorInstitucionTest::test_eliminar_director_no_elimina_institucion(). Metadata in doc-comments is deprecated and will no longer be supported in PHPUnit 12. Update your test code to use attributes instead.

   WARN  Metadata found in doc-comment for method Tests\Feature\FeriadoTest::test_crear_feriado_nacional(). Metadata in doc-comments is deprecated and will no longer be supported in PHPUnit 12. Update your test code to use attributes instead.

   WARN  Metadata found in doc-comment for method Tests\Feature\FeriadoTest::test_crear_feriado_institucional(). Metadata in doc-comments is deprecated and will no longer be supported in PHPUnit 12. Update your test code to use attributes instead.

   WARN  Metadata found in doc-comment for method Tests\Feature\FeriadoTest::test_feriado_institucional_requiere_institucion_id(). Metadata in doc-comments is deprecated and will no longer be supported in PHPUnit 12. Update your test code to use attributes instead.

   WARN  Metadata found in doc-comment for method Tests\Feature\FeriadoTest::test_validacion_de_fecha_feriado(). Metadata in doc-comments is deprecated and will no longer be supported in PHPUnit 12. Update your test code to use attributes instead.

   WARN  Metadata found in doc-comment for method Tests\Feature\FeriadoTest::test_listar_feriados_nacionales(). Metadata in doc-comments is deprecated and will no longer be supported in PHPUnit 12. Update your test code to use attributes instead.

   WARN  Metadata found in doc-comment for method Tests\Feature\FeriadoTest::test_director_puede_crear_feriado_institucional_en_su_institucion(). Metadata in doc-comments is deprecated and will no longer be supported in PHPUnit 12. Update your test code to use attributes instead.

   WARN  Metadata found in doc-comment for method Tests\Feature\FeriadoTest::test_director_no_puede_crear_feriado_en_institucion_no_asignada(). Metadata in doc-comments is deprecated and will no longer be supported in PHPUnit 12. Update your test code to use attributes instead.

   WARN  Metadata found in doc-comment for method Tests\Feature\HorarioInstitucionTest::test_crear_horario_requiere_institucion_id(). Metadata in doc-comments is deprecated and will no longer be supported in PHPUnit 12. Update your test code to use attributes instead.

   WARN  Metadata found in doc-comment for method Tests\Feature\HorarioInstitucionTest::test_crear_horario_exitoso(). Metadata in doc-comments is deprecated and will no longer be supported in PHPUnit 12. Update your test code to use attributes instead.

   WARN  Metadata found in doc-comment for method Tests\Feature\HorarioInstitucionTest::test_director_puede_crear_horario_en_su_institucion(). Metadata in doc-comments is deprecated and will no longer be supported in PHPUnit 12. Update your test code to use attributes instead.

   WARN  Metadata found in doc-comment for method Tests\Feature\HorarioInstitucionTest::test_director_no_puede_crear_horario_en_institucion_no_asignada(). Metadata in doc-comments is deprecated and will no longer be supported in PHPUnit 12. Update your test code to use attributes instead.

   WARN  Metadata found in doc-comment for method Tests\Feature\HorarioInstitucionTest::test_listar_horarios_filtrados_por_institucion(). Metadata in doc-comments is deprecated and will no longer be supported in PHPUnit 12. Update your test code to use attributes instead.

   WARN  Metadata found in doc-comment for method Tests\Feature\HorarioInstitucionTest::test_director_solo_ve_horarios_de_sus_instituciones(). Metadata in doc-comments is deprecated and will no longer be supported in PHPUnit 12. Update your test code to use attributes instead.

   WARN  Metadata found in doc-comment for method Tests\Feature\HorarioInstitucionTest::test_validacion_de_horas(). Metadata in doc-comments is deprecated and will no longer be supported in PHPUnit 12. Update your test code to use attributes instead.

   WARN  Metadata found in doc-comment for method Tests\Feature\InstitucionTest::test_admin_puede_ver_todas_las_instituciones(). Metadata in doc-comments is deprecated and will no longer be supported in PHPUnit 12. Update your test code to use attributes instead.

   WARN  Metadata found in doc-comment for method Tests\Feature\InstitucionTest::test_director_solo_ve_sus_instituciones(). Metadata in doc-comments is deprecated and will no longer be supported in PHPUnit 12. Update your test code to use attributes instead.

   WARN  Metadata found in doc-comment for method Tests\Feature\InstitucionTest::test_endpoint_instituciones_mias_devuelve_instituciones_director(). Metadata in doc-comments is deprecated and will no longer be supported in PHPUnit 12. Update your test code to use attributes instead.

   WARN  Metadata found in doc-comment for method Tests\Feature\InstitucionTest::test_endpoint_instituciones_mias_no_devuelve_404(). Metadata in doc-comments is deprecated and will no longer be supported in PHPUnit 12. Update your test code to use attributes instead.

   WARN  Metadata found in doc-comment for method Tests\Feature\InstitucionTest::test_admin_puede_crear_institucion(). Metadata in doc-comments is deprecated and will no longer be supported in PHPUnit 12. Update your test code to use attributes instead.

   WARN  Metadata found in doc-comment for method Tests\Feature\UsuarioAppTest::test_login_docente_exitoso(). Metadata in doc-comments is deprecated and will no longer be supported in PHPUnit 12. Update your test code to use attributes instead.

   WARN  Metadata found in doc-comment for method Tests\Feature\UsuarioAppTest::test_login_docente_falla_con_credenciales_invalidas(). Metadata in doc-comments is deprecated and will no longer be supported in PHPUnit 12. Update your test code to use attributes instead.

   WARN  Metadata found in doc-comment for method Tests\Feature\UsuarioAppTest::test_crear_docente_y_asignar_instituciones(). Metadata in doc-comments is deprecated and will no longer be supported in PHPUnit 12. Update your test code to use attributes instead.

   WARN  Metadata found in doc-comment for method Tests\Feature\UsuarioAppTest::test_admin_puede_listar_todos_los_docentes(). Metadata in doc-comments is deprecated and will no longer be supported in PHPUnit 12. Update your test code to use attributes instead.

   WARN  Metadata found in doc-comment for method Tests\Feature\UsuarioAppTest::test_director_solo_ve_docentes_de_sus_instituciones(). Metadata in doc-comments is deprecated and will no longer be supported in PHPUnit 12. Update your test code to use attributes instead.

   WARN  Metadata found in doc-comment for method Tests\Feature\UsuarioAppTest::test_docente_puede_tener_multiples_instituciones(). Metadata in doc-comments is deprecated and will no longer be supported in PHPUnit 12. Update your test code to use attributes instead.

   WARN  Metadata found in doc-comment for method Tests\Feature\UsuarioAppTest::test_password_es_encriptado_al_crear_docente(). Metadata in doc-comments is deprecated and will no longer be supported in PHPUnit 12. Update your test code to use attributes instead.

   WARN  Metadata found in doc-comment for method Tests\Feature\UsuarioWebAuthTest::test_login_exitoso_con_credenciales_validas(). Metadata in doc-comments is deprecated and will no longer be supported in PHPUnit 12. Update your test code to use attributes instead.

   WARN  Metadata found in doc-comment for method Tests\Feature\UsuarioWebAuthTest::test_login_falla_con_credenciales_invalidas(). Metadata in doc-comments is deprecated and will no longer be supported in PHPUnit 12. Update your test code to use attributes instead.

   WARN  Metadata found in doc-comment for method Tests\Feature\UsuarioWebAuthTest::test_director_no_autorizado_no_puede_iniciar_sesion(). Metadata in doc-comments is deprecated and will no longer be supported in PHPUnit 12. Update your test code to use attributes instead.

   WARN  Metadata found in doc-comment for method Tests\Feature\UsuarioWebAuthTest::test_director_autorizado_recibe_sus_instituciones_en_login(). Metadata in doc-comments is deprecated and will no longer be supported in PHPUnit 12. Update your test code to use attributes instead.

   WARN  Metadata found in doc-comment for method Tests\Feature\UsuarioWebAuthTest::test_endpoint_me_devuelve_datos_usuario_con_instituciones(). Metadata in doc-comments is deprecated and will no longer be supported in PHPUnit 12. Update your test code to use attributes instead.

   WARN  Metadata found in doc-comment for method Tests\Feature\UsuarioWebAuthTest::test_endpoint_me_admin_no_devuelve_instituciones(). Metadata in doc-comments is deprecated and will no longer be supported in PHPUnit 12. Update your test code to use attributes instead.

   WARN  Metadata found in doc-comment for method Tests\Feature\UsuarioWebTest::test_crear_director_requiere_institucion_id(). Metadata in doc-comments is deprecated and will no longer be supported in PHPUnit 12. Update your test code to use attributes instead.

   WARN  Metadata found in doc-comment for method Tests\Feature\UsuarioWebTest::test_crear_director_con_institucion_exitoso(). Metadata in doc-comments is deprecated and will no longer be supported in PHPUnit 12. Update your test code to use attributes instead.

   WARN  Metadata found in doc-comment for method Tests\Feature\UsuarioWebTest::test_director_creado_tiene_estado_pendiente(). Metadata in doc-comments is deprecated and will no longer be supported in PHPUnit 12. Update your test code to use attributes instead.

   WARN  Metadata found in doc-comment for method Tests\Feature\UsuarioWebTest::test_admin_creado_tiene_estado_autorizado(). Metadata in doc-comments is deprecated and will no longer be supported in PHPUnit 12. Update your test code to use attributes instead.

   WARN  Metadata found in doc-comment for method Tests\Feature\UsuarioWebTest::test_autorizar_director_cambia_estado(). Metadata in doc-comments is deprecated and will no longer be supported in PHPUnit 12. Update your test code to use attributes instead.

   WARN  Metadata found in doc-comment for method Tests\Feature\UsuarioWebTest::test_password_es_encriptado_al_crear_usuario(). Metadata in doc-comments is deprecated and will no longer be supported in PHPUnit 12. Update your test code to use attributes instead.

   FAIL  Tests\Feature\DirectorInstitucionTest
  Ô£ô director puede tener multiples institÔÇª 0.38s  
  Ô£ô sync instituciones actualiza correctaÔÇª 0.02s  
  Ô¿» eliminar director no elimina institucÔÇª 0.03s  
  ÔöÇÔöÇÔöÇÔöÇÔöÇÔöÇÔöÇÔöÇÔöÇÔöÇÔöÇÔöÇÔöÇÔöÇÔöÇÔöÇÔöÇÔöÇÔöÇÔöÇÔöÇÔöÇÔöÇÔöÇÔöÇÔöÇÔöÇÔöÇÔöÇÔöÇÔöÇÔöÇÔöÇÔöÇÔöÇÔöÇÔöÇÔöÇÔöÇÔöÇÔöÇÔöÇÔöÇÔöÇÔöÇÔöÇ  
   FAILED  Tests\Feature\DirectorInstitucionTeÔÇª   
  Failed asserting that a row in the table [director_institucion] does not match the attributes {
    "usuario_web_id": 1,
    "institucion_id": 1
}.

Found similar results: [
    {
        "usuario_web_id": 1,
        "institucion_id": 1
    }
].

  at tests\Feature\DirectorInstitucionTest.php:60
     56Ôûò         $this->assertDatabaseHas('instituciones', [
     57Ôûò             'id' => $institucionId,
     58Ôûò         ]);
     59Ôûò 
  Ô×£  60Ôûò         $this->assertDatabaseMissing('director_institucion', [
     61Ôûò             'usuario_web_id' => $directorId,
     62Ôûò             'institucion_id' => $institucionId,
     63Ôûò         ]);
     64Ôûò     }


  Tests:    1 failed, 2 passed (8 assertions)
  Duration: 0.67s

